Flow report for RV32IM_CORE
Tue Aug 18 00:14:12 2026
Quartus Prime Version 21.1.0 Build 842 10/21/2021 SJ Lite Edition


---------------------
; Table of Contents ;
---------------------
  1. Legal Notice
  2. Flow Summary
  3. Flow Settings
  4. Flow Non-Default Global Settings
  5. Flow Elapsed Time
  6. Flow OS Summary
  7. Flow Log
  8. Flow Messages
  9. Flow Suppressed Messages



----------------
; Legal Notice ;
----------------
Copyright (C) 2021  Intel Corporation. All rights reserved.
Your use of Intel Corporation's design tools, logic functions 
and other software and tools, and any partner logic 
functions, and any output files from any of the foregoing 
(including device programming or simulation files), and any 
associated documentation or information are expressly subject 
to the terms and conditions of the Intel Program License 
Subscription Agreement, the Intel Quartus Prime License Agreement,
the Intel FPGA IP License Agreement, or other applicable license
agreement, including, without limitation, that your use is for
the sole purpose of programming logic devices manufactured by
Intel and sold by Intel or its authorized distributors.  Please
refer to the applicable agreement for further details, at
https://fpgasoftware.intel.com/eula.



+----------------------------------------------------------------------------------+
; Flow Summary                                                                     ;
+------------------------------------+---------------------------------------------+
; Flow Status                        ; Successful - Tue Aug 18 00:14:12 2026       ;
; Quartus Prime Version              ; 21.1.0 Build 842 10/21/2021 SJ Lite Edition ;
; Revision Name                      ; RV32IM_CORE                                 ;
; Top-level Entity Name              ; RV32IM_CORE                                 ;
; Family                             ; Cyclone IV E                                ;
; Device                             ; EP4CE115F29C7                               ;
; Timing Models                      ; Final                                       ;
; Total logic elements               ; 3,120 / 114,480 ( 3 % )                     ;
;     Total combinational functions  ; 2,950 / 114,480 ( 3 % )                     ;
;     Dedicated logic registers      ; 1,279 / 114,480 ( 1 % )                     ;
; Total registers                    ; 1279                                        ;
; Total pins                         ; 270 / 529 ( 51 % )                          ;
; Total virtual pins                 ; 0                                           ;
; Total memory bits                  ; 131,072 / 3,981,312 ( 3 % )                 ;
; Embedded Multiplier 9-bit elements ; 4 / 532 ( < 1 % )                           ;
; Total PLLs                         ; 1 / 4 ( 25 % )                              ;
+------------------------------------+---------------------------------------------+


+-----------------------------------------+
; Flow Settings                           ;
+-------------------+---------------------+
; Option            ; Setting             ;
+-------------------+---------------------+
; Start date & time ; 08/18/2026 00:09:31 ;
; Main task         ; Compilation         ;
; Revision Name     ; RV32IM_CORE         ;
+-------------------+---------------------+


+-------------------------------------------------------------------------------------------------------------------------+
; Flow Non-Default Global Settings                                                                                        ;
+-------------------------------------+----------------------------------------+---------------+-------------+------------+
; Assignment Name                     ; Value                                  ; Default Value ; Entity Name ; Section Id ;
+-------------------------------------+----------------------------------------+---------------+-------------+------------+
; COMPILER_SIGNATURE_ID               ; 92384139273357.178700097110704         ; --            ; --          ; --         ;
; MAX_CORE_JUNCTION_TEMP              ; 85                                     ; --            ; --          ; --         ;
; MIN_CORE_JUNCTION_TEMP              ; 0                                      ; --            ; --          ; --         ;
; NOMINAL_CORE_SUPPLY_VOLTAGE         ; 1.2V                                   ; --            ; --          ; --         ;
; PARTITION_COLOR                     ; -- (Not supported for targeted family) ; --            ; --          ; Top        ;
; PARTITION_FITTER_PRESERVATION_LEVEL ; -- (Not supported for targeted family) ; --            ; --          ; Top        ;
; PARTITION_NETLIST_TYPE              ; -- (Not supported for targeted family) ; --            ; --          ; Top        ;
; POWER_BOARD_THERMAL_MODEL           ; None (CONSERVATIVE)                    ; --            ; --          ; --         ;
; POWER_PRESET_COOLING_SOLUTION       ; 23 MM HEAT SINK WITH 200 LFPM AIRFLOW  ; --            ; --          ; --         ;
; PROJECT_OUTPUT_DIRECTORY            ; output_files                           ; --            ; --          ; --         ;
; VHDL_INPUT_VERSION                  ; VHDL_2008                              ; VHDL_1993     ; --          ; --         ;
; VHDL_SHOW_LMF_MAPPING_MESSAGES      ; Off                                    ; --            ; --          ; --         ;
+-------------------------------------+----------------------------------------+---------------+-------------+------------+


+--------------------------------------------------------------------------------------------------------------------------+
; Flow Elapsed Time                                                                                                        ;
+----------------------+--------------+-------------------------+---------------------+------------------------------------+
; Module Name          ; Elapsed Time ; Average Processors Used ; Peak Virtual Memory ; Total CPU Time (on all processors) ;
+----------------------+--------------+-------------------------+---------------------+------------------------------------+
; Analysis & Synthesis ; 00:00:39     ; 1.0                     ; 4926 MB             ; 00:01:05                           ;
; Fitter               ; 00:00:56     ; 1.0                     ; 5826 MB             ; 00:01:23                           ;
; Assembler            ; 00:00:04     ; 1.0                     ; 5010 MB             ; 00:00:04                           ;
; Timing Analyzer      ; 00:00:07     ; 1.2                     ; 4982 MB             ; 00:00:07                           ;
; Power Analyzer       ; 00:00:11     ; 1.0                     ; 5199 MB             ; 00:00:11                           ;
; Total                ; 00:01:57     ; --                      ; --                  ; 00:02:50                           ;
+----------------------+--------------+-------------------------+---------------------+------------------------------------+


+------------------------------------------------------------------------------------+
; Flow OS Summary                                                                    ;
+----------------------+------------------+------------+------------+----------------+
; Module Name          ; Machine Hostname ; OS Name    ; OS Version ; Processor type ;
+----------------------+------------------+------------+------------+----------------+
; Analysis & Synthesis ; LAPTOP-VQ4PA1TC  ; Windows 10 ; 10.0       ; x86_64         ;
; Fitter               ; LAPTOP-VQ4PA1TC  ; Windows 10 ; 10.0       ; x86_64         ;
; Assembler            ; LAPTOP-VQ4PA1TC  ; Windows 10 ; 10.0       ; x86_64         ;
; Timing Analyzer      ; LAPTOP-VQ4PA1TC  ; Windows 10 ; 10.0       ; x86_64         ;
; Power Analyzer       ; LAPTOP-VQ4PA1TC  ; Windows 10 ; 10.0       ; x86_64         ;
+----------------------+------------------+------------+------------+----------------+


------------
; Flow Log ;
------------
quartus_map --read_settings_files=on --write_settings_files=off RV32IM_CORE -c RV32IM_CORE
quartus_fit --read_settings_files=off --write_settings_files=off RV32IM_CORE -c RV32IM_CORE
quartus_asm --read_settings_files=off --write_settings_files=off RV32IM_CORE -c RV32IM_CORE
quartus_sta RV32IM_CORE -c RV32IM_CORE
quartus_pow --read_settings_files=on --write_settings_files=off RV32IM_CORE -c RV32IM_CORE



